[debug] [2026-10-06T17:33:18.467Z] ----------------------------------------------------------------------
[debug] [2026-10-06T17:33:18.469Z] Command:       C:\Program Files\nodejs\node.exe C:\Users\paz1dv\AppData\Roaming\npm\node_modules\firebase-tools\lib\bin\firebase.js functions:list --project cookpilotu --json
[debug] [2026-10-06T17:33:18.470Z] CLI Version:   15.32.1
[debug] [2026-10-06T17:33:18.470Z] Platform:      win32
[debug] [2026-10-06T17:33:18.470Z] Node Version:  v22.20.0
[debug] [2026-10-06T17:33:18.470Z] Detected Agent: codex_cli
[debug] [2026-10-06T17:33:18.470Z] Time:          Tue Oct 06 2026 12:33:18 GMT-0500 (hora estándar de Perú)
[debug] [2026-10-06T17:33:18.470Z] ----------------------------------------------------------------------
[debug] 
[debug] [2026-10-06T17:33:18.710Z] > command requires scopes: ["email","openid","https://www.googleapis.com/auth/cloudplatformprojects.readonly","https://www.googleapis.com/auth/firebase","https://www.googleapis.com/auth/cloud-platform"]
[debug] [2026-10-06T17:33:18.710Z] > authorizing via signed-in user (rewardmnx@gmail.com)
[debug] [2026-10-06T17:33:18.710Z] [iam] checking project cookpilotu for permissions ["cloudfunctions.functions.list","firebase.projects.get","run.services.list"]
[debug] [2026-10-06T17:33:18.720Z] Checked if tokens are valid: true, expires at: 1791311418471
[debug] [2026-10-06T17:33:18.720Z] Checked if tokens are valid: true, expires at: 1791311418471
[debug] [2026-10-06T17:33:18.721Z] >>> [apiv2][query] POST https://cloudresourcemanager.googleapis.com/v1/projects/cookpilotu:testIamPermissions [none]
[debug] [2026-10-06T17:33:18.721Z] >>> [apiv2][(partial)header] POST https://cloudresourcemanager.googleapis.com/v1/projects/cookpilotu:testIamPermissions  x-goog-user-project=cookpilotu
[debug] [2026-10-06T17:33:18.722Z] >>> [apiv2][body] POST https://cloudresourcemanager.googleapis.com/v1/projects/cookpilotu:testIamPermissions {"permissions":["cloudfunctions.functions.list","firebase.projects.get","run.services.list"]}
[debug] [2026-10-06T17:33:19.296Z] <<< [apiv2][status] POST https://cloudresourcemanager.googleapis.com/v1/projects/cookpilotu:testIamPermissions 200
[debug] [2026-10-06T17:33:19.296Z] <<< [apiv2][body] POST https://cloudresourcemanager.googleapis.com/v1/projects/cookpilotu:testIamPermissions {"permissions":["cloudfunctions.functions.list","firebase.projects.get","run.services.list"]}
[debug] [2026-10-06T17:33:19.297Z] Checked if tokens are valid: true, expires at: 1791311418471
[debug] [2026-10-06T17:33:19.297Z] Checked if tokens are valid: true, expires at: 1791311418471
[debug] [2026-10-06T17:33:19.297Z] >>> [apiv2][query] GET https://cloudfunctions.googleapis.com/v1/projects/cookpilotu/locations/-/functions [none]
[debug] [2026-10-06T17:33:20.221Z] <<< [apiv2][status] GET https://cloudfunctions.googleapis.com/v1/projects/cookpilotu/locations/-/functions 200
[debug] [2026-10-06T17:33:20.221Z] <<< [apiv2][body] GET https://cloudfunctions.googleapis.com/v1/projects/cookpilotu/locations/-/functions {}
[debug] [2026-10-06T17:33:20.222Z] Checked if tokens are valid: true, expires at: 1791311418471
[debug] [2026-10-06T17:33:20.222Z] Checked if tokens are valid: true, expires at: 1791311418471
[debug] [2026-10-06T17:33:20.222Z] >>> [apiv2][query] GET https://cloudfunctions.googleapis.com/v2/projects/cookpilotu/locations/-/functions filter=environment%3D%22GEN_2%22
[debug] [2026-10-06T17:33:20.712Z] <<< [apiv2][status] GET https://cloudfunctions.googleapis.com/v2/projects/cookpilotu/locations/-/functions 200
